// Jest Snapshot v1, https://goo.gl/fbAQLP

exports[`hoc-react-loader print parameter should not print Component -loaded props- 1`] = `"<div class=\\"tailspin\\">TailSpin</div>"`;

exports[`hoc-react-loader print parameter should not print Component -loaded props- 2`] = `"<div class=\\"tailspin\\">TailSpin</div>"`;

exports[`hoc-react-loader print parameter should print Component -empty parameters- 1`] = `"<div class=\\"component\\">Component</div>"`;

exports[`hoc-react-loader print parameter should print Component -loaded props- 1`] = `"<div class=\\"component\\">Component</div>"`;

exports[`hoc-react-loader print parameter should print Component -loaded props- 2`] = `"<div class=\\"component\\">Component</div>"`;

exports[`hoc-react-loader print parameter should print Component -undefined parameters- 1`] = `"<div class=\\"component\\">Component</div>"`;
